Creating test database for alias 'default'...
....
----------------------------------------------------------------------
Ran 4 tests in 1.565s

OK
Destroying test database for alias 'default'...
Found 4 test(s).
System check identified no issues (0 silenced).
